Info: Starting: Create simulation model
Info: qsys-generate C:\Users\Zitong\Desktop\FPGA\data_pkt\synth\ip_core\ram_2_port_1024x32\ram_2_port_1024_32.qsys --simulation=VERILOG --allow-mixed-language-simulation --output-directory=C:\Users\Zitong\Desktop\FPGA\data_pkt\synth\ip_core\ram_2_port_1024x32\ram_2_port_1024_32 --family="Arria 10" --part=10AX115S1F45I1SG
Progress: Loading ram_2_port_1024x32/ram_2_port_1024_32.qsys
Progress: Reading input file
Progress: Adding ram_2port_0 [ram_2port 16.1]
Progress: Parameterizing module ram_2port_0
Progress: Building connections
Progress: Parameterizing connections
Progress: Validating
Progress: Done reading input file
: ram_2_port_1024_32.ram_2port_0: Targeting device family: Arria 10.
: ram_2_port_1024_32.ram_2port_0: 'q_a' output bus width will be ignored while using one read port and one write port mode.
: ram_2_port_1024_32.ram_2port_0: Tab Output2 is unavailable while using one read port and one write port.
Info: ram_2_port_1024_32: "Transforming system: ram_2_port_1024_32"
Info: ram_2_port_1024_32: Running transform generation_view_transform
Info: ram_2_port_1024_32: Running transform generation_view_transform took 0.000s
Info: ram_2port_0: Running transform generation_view_transform
Info: ram_2port_0: Running transform generation_view_transform took 0.000s
Info: ram_2_port_1024_32: Running transform merlin_avalon_transform
Info: ram_2_port_1024_32: Running transform merlin_avalon_transform took 0.032s
Info: ram_2_port_1024_32: "Naming system components in system: ram_2_port_1024_32"
Info: ram_2_port_1024_32: "Processing generation queue"
Info: ram_2_port_1024_32: "Generating: ram_2_port_1024_32"
Info: ram_2_port_1024_32: "Generating: ram_2_port_1024_32_ram_2port_161_r5t2nhi"
Info: ram_2_port_1024_32: Done "ram_2_port_1024_32" with 2 modules, 2 files
Info: qsys-generate succeeded.
Info: Finished: Create simulation model
Info: Starting: Create Modelsim Project.
Info: sim-script-gen --spd=C:\Users\Zitong\Desktop\FPGA\data_pkt\synth\ip_core\ram_2_port_1024x32\ram_2_port_1024_32\ram_2_port_1024_32.spd --output-directory=C:/Users/Zitong/Desktop/FPGA/data_pkt/synth/ip_core/ram_2_port_1024x32/ram_2_port_1024_32/sim/ --use-relative-paths=true
Info: Doing: ip-make-simscript --spd=C:\Users\Zitong\Desktop\FPGA\data_pkt\synth\ip_core\ram_2_port_1024x32\ram_2_port_1024_32\ram_2_port_1024_32.spd --output-directory=C:/Users/Zitong/Desktop/FPGA/data_pkt/synth/ip_core/ram_2_port_1024x32/ram_2_port_1024_32/sim/ --use-relative-paths=true
Info: Generating the following file(s) for MODELSIM simulator in C:/Users/Zitong/Desktop/FPGA/data_pkt/synth/ip_core/ram_2_port_1024x32/ram_2_port_1024_32/sim/ directory:
Info: 	mentor/msim_setup.tcl
Info: Generating the following file(s) for VCS simulator in C:/Users/Zitong/Desktop/FPGA/data_pkt/synth/ip_core/ram_2_port_1024x32/ram_2_port_1024_32/sim/ directory:
Info: 	synopsys/vcs/vcs_setup.sh
Info: Generating the following file(s) for VCSMX simulator in C:/Users/Zitong/Desktop/FPGA/data_pkt/synth/ip_core/ram_2_port_1024x32/ram_2_port_1024_32/sim/ directory:
Info: 	synopsys/vcsmx/synopsys_sim.setup
Info: 	synopsys/vcsmx/vcsmx_setup.sh
Info: Generating the following file(s) for NCSIM simulator in C:/Users/Zitong/Desktop/FPGA/data_pkt/synth/ip_core/ram_2_port_1024x32/ram_2_port_1024_32/sim/ directory:
Info: 	cadence/cds.lib
Info: 	cadence/hdl.var
Info: 	cadence/ncsim_setup.sh
Info: 	1 .cds.lib files in cadence/cds_libs/ directory
Info: Generating the following file(s) for RIVIERA simulator in C:/Users/Zitong/Desktop/FPGA/data_pkt/synth/ip_core/ram_2_port_1024x32/ram_2_port_1024_32/sim/ directory:
Info: 	aldec/rivierapro_setup.tcl
Info: For information on how to simulate your IP, see the explanatory comments in the simulator-specific subdirectories under C:/Users/Zitong/Desktop/FPGA/data_pkt/synth/ip_core/ram_2_port_1024x32/ram_2_port_1024_32/sim/.
Info: Regenerate these scripts whenever you make any change to any Quartus-generated IP in your project.
Info: Finished: Create Modelsim Project.
Info: Starting: Create block symbol file (.bsf)
Info: qsys-generate C:\Users\Zitong\Desktop\FPGA\data_pkt\synth\ip_core\ram_2_port_1024x32\ram_2_port_1024_32.qsys --block-symbol-file --output-directory=C:\Users\Zitong\Desktop\FPGA\data_pkt\synth\ip_core\ram_2_port_1024x32\ram_2_port_1024_32 --family="Arria 10" --part=10AX115S1F45I1SG
Progress: Loading ram_2_port_1024x32/ram_2_port_1024_32.qsys
Progress: Reading input file
Progress: Adding ram_2port_0 [ram_2port 16.1]
Progress: Parameterizing module ram_2port_0
Progress: Building connections
Progress: Parameterizing connections
Progress: Validating
Progress: Done reading input file
: ram_2_port_1024_32.ram_2port_0: Targeting device family: Arria 10.
: ram_2_port_1024_32.ram_2port_0: 'q_a' output bus width will be ignored while using one read port and one write port mode.
: ram_2_port_1024_32.ram_2port_0: Tab Output2 is unavailable while using one read port and one write port.
Info: qsys-generate succeeded.
Info: Finished: Create block symbol file (.bsf)
Info: 
Info: Starting: Create HDL design files for synthesis
Info: qsys-generate C:\Users\Zitong\Desktop\FPGA\data_pkt\synth\ip_core\ram_2_port_1024x32\ram_2_port_1024_32.qsys --synthesis=VERILOG --output-directory=C:\Users\Zitong\Desktop\FPGA\data_pkt\synth\ip_core\ram_2_port_1024x32\ram_2_port_1024_32 --family="Arria 10" --part=10AX115S1F45I1SG
Progress: Loading ram_2_port_1024x32/ram_2_port_1024_32.qsys
Progress: Reading input file
Progress: Adding ram_2port_0 [ram_2port 16.1]
Progress: Parameterizing module ram_2port_0
Progress: Building connections
Progress: Parameterizing connections
Progress: Validating
Progress: Done reading input file
: ram_2_port_1024_32.ram_2port_0: Targeting device family: Arria 10.
: ram_2_port_1024_32.ram_2port_0: 'q_a' output bus width will be ignored while using one read port and one write port mode.
: ram_2_port_1024_32.ram_2port_0: Tab Output2 is unavailable while using one read port and one write port.
Info: ram_2_port_1024_32: "Transforming system: ram_2_port_1024_32"
Info: ram_2_port_1024_32: Running transform generation_view_transform
Info: ram_2_port_1024_32: Running transform generation_view_transform took 0.000s
Info: ram_2port_0: Running transform generation_view_transform
Info: ram_2port_0: Running transform generation_view_transform took 0.001s
Info: ram_2_port_1024_32: Running transform merlin_avalon_transform
Info: ram_2_port_1024_32: Running transform merlin_avalon_transform took 0.007s
Info: ram_2_port_1024_32: "Naming system components in system: ram_2_port_1024_32"
Info: ram_2_port_1024_32: "Processing generation queue"
Info: ram_2_port_1024_32: "Generating: ram_2_port_1024_32"
Info: ram_2_port_1024_32: "Generating: ram_2_port_1024_32_ram_2port_161_r5t2nhi"
Info: ram_2_port_1024_32: Done "ram_2_port_1024_32" with 2 modules, 3 files
Info: qsys-generate succeeded.
Info: Finished: Create HDL design files for synthesis
