Info: Starting: Create simulation model
Info: qsys-generate G:\bak\PCIe\pcie_demo_v0\data_pkt\synth\ip_core\afifo_8x1\afifo_8x1.qsys --simulation=VERILOG --allow-mixed-language-simulation --output-directory=G:\bak\PCIe\pcie_demo_v0\data_pkt\synth\ip_core\afifo_8x1\afifo_8x1 --family="Arria 10" --part=10AX115S2F45I1SG
Progress: Loading afifo_8x1/afifo_8x1.qsys
Progress: Reading input file
Progress: Adding fifo_0 [fifo 16.1]
Progress: Parameterizing module fifo_0
Progress: Building connections
Progress: Parameterizing connections
Progress: Validating
Progress: Done reading input file
: afifo_8x1.fifo_0: Targeting device family: Arria 10.
: afifo_8x1.fifo_0: Tab: 'SCFIFO Options' is unavailable while using Dual-Clock FIFO.
: afifo_8x1.fifo_0: 'Output register option' is unavailable while using Dual-Clock FIFO.
: afifo_8x1.fifo_0: SDC file will be generated to apply correct constraints. User may experience increase in fitter compilation time
: afifo_8x1.fifo_0: Embedded set_false_path assignment is disabled.
Info: afifo_8x1: "Transforming system: afifo_8x1"
Info: afifo_8x1: Running transform generation_view_transform
Info: afifo_8x1: Running transform generation_view_transform took 0.000s
Info: fifo_0: Running transform generation_view_transform
Info: fifo_0: Running transform generation_view_transform took 0.000s
Info: afifo_8x1: Running transform merlin_avalon_transform
Info: afifo_8x1: Running transform merlin_avalon_transform took 0.041s
Info: afifo_8x1: "Naming system components in system: afifo_8x1"
Info: afifo_8x1: "Processing generation queue"
Info: afifo_8x1: "Generating: afifo_8x1"
Info: afifo_8x1: "Generating: afifo_8x1_fifo_161_rgwi5iq"
Info: afifo_8x1: Done "afifo_8x1" with 2 modules, 3 files
Info: qsys-generate succeeded.
Info: Finished: Create simulation model
Info: Starting: Create Modelsim Project.
Info: sim-script-gen --spd=G:\bak\PCIe\pcie_demo_v0\data_pkt\synth\ip_core\afifo_8x1\afifo_8x1\afifo_8x1.spd --output-directory=G:/bak/PCIe/pcie_demo_v0/data_pkt/synth/ip_core/afifo_8x1/afifo_8x1/sim/ --use-relative-paths=true
Info: Doing: ip-make-simscript --spd=G:\bak\PCIe\pcie_demo_v0\data_pkt\synth\ip_core\afifo_8x1\afifo_8x1\afifo_8x1.spd --output-directory=G:/bak/PCIe/pcie_demo_v0/data_pkt/synth/ip_core/afifo_8x1/afifo_8x1/sim/ --use-relative-paths=true
Info: Generating the following file(s) for MODELSIM simulator in G:/bak/PCIe/pcie_demo_v0/data_pkt/synth/ip_core/afifo_8x1/afifo_8x1/sim/ directory:
Info: 	mentor/msim_setup.tcl
Info: Generating the following file(s) for VCS simulator in G:/bak/PCIe/pcie_demo_v0/data_pkt/synth/ip_core/afifo_8x1/afifo_8x1/sim/ directory:
Info: 	synopsys/vcs/vcs_setup.sh
Info: Generating the following file(s) for VCSMX simulator in G:/bak/PCIe/pcie_demo_v0/data_pkt/synth/ip_core/afifo_8x1/afifo_8x1/sim/ directory:
Info: 	synopsys/vcsmx/synopsys_sim.setup
Info: 	synopsys/vcsmx/vcsmx_setup.sh
Info: Generating the following file(s) for NCSIM simulator in G:/bak/PCIe/pcie_demo_v0/data_pkt/synth/ip_core/afifo_8x1/afifo_8x1/sim/ directory:
Info: 	cadence/cds.lib
Info: 	cadence/hdl.var
Info: 	cadence/ncsim_setup.sh
Info: 	1 .cds.lib files in cadence/cds_libs/ directory
Info: Generating the following file(s) for RIVIERA simulator in G:/bak/PCIe/pcie_demo_v0/data_pkt/synth/ip_core/afifo_8x1/afifo_8x1/sim/ directory:
Info: 	aldec/rivierapro_setup.tcl
Info: For information on how to simulate your IP, see the explanatory comments in the simulator-specific subdirectories under G:/bak/PCIe/pcie_demo_v0/data_pkt/synth/ip_core/afifo_8x1/afifo_8x1/sim/.
Info: Regenerate these scripts whenever you make any change to any Quartus-generated IP in your project.
Info: Finished: Create Modelsim Project.
Info: Starting: Create block symbol file (.bsf)
Info: qsys-generate G:\bak\PCIe\pcie_demo_v0\data_pkt\synth\ip_core\afifo_8x1\afifo_8x1.qsys --block-symbol-file --output-directory=G:\bak\PCIe\pcie_demo_v0\data_pkt\synth\ip_core\afifo_8x1\afifo_8x1 --family="Arria 10" --part=10AX115S2F45I1SG
Progress: Loading afifo_8x1/afifo_8x1.qsys
Progress: Reading input file
Progress: Adding fifo_0 [fifo 16.1]
Progress: Parameterizing module fifo_0
Progress: Building connections
Progress: Parameterizing connections
Progress: Validating
Progress: Done reading input file
: afifo_8x1.fifo_0: Targeting device family: Arria 10.
: afifo_8x1.fifo_0: Tab: 'SCFIFO Options' is unavailable while using Dual-Clock FIFO.
: afifo_8x1.fifo_0: 'Output register option' is unavailable while using Dual-Clock FIFO.
: afifo_8x1.fifo_0: SDC file will be generated to apply correct constraints. User may experience increase in fitter compilation time
: afifo_8x1.fifo_0: Embedded set_false_path assignment is disabled.
Info: qsys-generate succeeded.
Info: Finished: Create block symbol file (.bsf)
Info: 
Info: Starting: Create HDL design files for synthesis
Info: qsys-generate G:\bak\PCIe\pcie_demo_v0\data_pkt\synth\ip_core\afifo_8x1\afifo_8x1.qsys --synthesis=VERILOG --output-directory=G:\bak\PCIe\pcie_demo_v0\data_pkt\synth\ip_core\afifo_8x1\afifo_8x1 --family="Arria 10" --part=10AX115S2F45I1SG
Progress: Loading afifo_8x1/afifo_8x1.qsys
Progress: Reading input file
Progress: Adding fifo_0 [fifo 16.1]
Progress: Parameterizing module fifo_0
Progress: Building connections
Progress: Parameterizing connections
Progress: Validating
Progress: Done reading input file
: afifo_8x1.fifo_0: Targeting device family: Arria 10.
: afifo_8x1.fifo_0: Tab: 'SCFIFO Options' is unavailable while using Dual-Clock FIFO.
: afifo_8x1.fifo_0: 'Output register option' is unavailable while using Dual-Clock FIFO.
: afifo_8x1.fifo_0: SDC file will be generated to apply correct constraints. User may experience increase in fitter compilation time
: afifo_8x1.fifo_0: Embedded set_false_path assignment is disabled.
Info: afifo_8x1: "Transforming system: afifo_8x1"
Info: afifo_8x1: Running transform generation_view_transform
Info: afifo_8x1: Running transform generation_view_transform took 0.000s
Info: fifo_0: Running transform generation_view_transform
Info: fifo_0: Running transform generation_view_transform took 0.000s
Info: afifo_8x1: Running transform merlin_avalon_transform
Info: afifo_8x1: Running transform merlin_avalon_transform took 0.007s
Info: afifo_8x1: "Naming system components in system: afifo_8x1"
Info: afifo_8x1: "Processing generation queue"
Info: afifo_8x1: "Generating: afifo_8x1"
Info: afifo_8x1: "Generating: afifo_8x1_fifo_161_rgwi5iq"
Info: afifo_8x1: Done "afifo_8x1" with 2 modules, 4 files
Info: qsys-generate succeeded.
Info: Finished: Create HDL design files for synthesis
